---
source: crates/sdk/tests/function.rs
expression: tmp
snapshot_kind: text
---
Object(r#$surrealdb::private::sql::Object({
  "comment": None,
  "computed": Bool(false),
  "drop": Bool(false),
  "name": Strand(r#$surrealdb::private::sql::Strand("user")),
  "relation": None,
  "schemafull": Bool(true),
  "type": Strand(r#$surrealdb::private::sql::Strand("NORMAL")),
}))
